192.168.0.0 - - [08/Sep/2012:11:16:02 +0200] "GET /temps/4IF16.html HTTP/1.1" 200 12106 "http://intranet-if.insa-lyon.fr/temps/4IF15.html" "Mozilla/5.0 (Windows NT 6.1; WOW64; rv:14.0) Gecko/20100101 Firefox/14.0.1"
192.168.0.0 - - [08/Sep/2012:11:16:05 +0200] "GET /temps/4IF17.html HTTP/1.1" 200 5189 "http://intranet-if.insa-lyon.fr/temps/4IF16.html" "Mozilla/5.0 (Windows NT 6.1; WOW64; rv:14.0) Gecko/20100101 Firefox/14.0.1"
192.168.0.0 - - [08/Sep/2012:11:16:06 +0200] "GET /temps/4IF18.html HTTP/1.1" 200 5192 "http://intranet-if.insa-lyon.fr/temps/4IF17.html" "Mozilla/5.0 (Windows NT 6.1; WOW64; rv:14.0) Gecko/20100101 Firefox/14.0.1"
192.168.0.0 - - [08/Sep/2012:11:16:06 +0200] "GET /temps/4IF19.html HTTP/1.1" 200 5179 "http://intranet-if.insa-lyon.fr/temps/4IF18.html" "Mozilla/5.0 (Windows NT 6.1; WOW64; rv:14.0) Gecko/20100101 Firefox/14.0.1"
192.168.0.0 - - [08/Sep/2012:11:16:07 +0200] "GET /temps/4IF20.html HTTP/1.1" 200 5185 "http://intranet-if.insa-lyon.fr/temps/4IF19.html" "Mozilla/5.0 (Windows NT 6.1; WOW64; rv:14.0) Gecko/20100101 Firefox/14.0.1"
192.168.0.2 - - [08/Sep/2012:11:16:51 +0200] "GET /temps/ HTTP/1.1" 200 6835 "http://www.google.fr/url?sa=t&rct=j&q=&esrc=s&source=web&cd=2&ved=0CDIQFjAB&url=http%3A%2F%2Fintranet-if.insa-lyon.fr%2Ftemps%2F&ei=_wxLUKCwEMaJhQe08oCYCw&usg=AFQjCNEWrHsRdIlhli_31qYl94w-yMCjpw&sig2=eTdZgqmz8aDAi5eiWxEP1g" "Mozilla/5.0 (Windows NT 6.1; WOW64; rv:15.0) Gecko/20100101 Firefox/15.0.1"
192.168.0.2 - - [08/Sep/2012:11:16:51 +0200] "GET /temps/style_emploi_du_temps.css HTTP/1.1" 200 1216 "http://intranet-if.insa-lyon.fr/temps/" "Mozilla/5.0 (Windows NT 6.1; WOW64; rv:15.0) Gecko/20100101 Firefox/15.0.1"
192.168.0.2 - - [08/Sep/2012:11:16:51 +0200] "GET /temps/InsaIF.ico HTTP/1.1" 200 766 "-" "Mozilla/5.0 (Windows NT 6.1; WOW64; rv:15.0) Gecko/20100101 Firefox/15.0.1"
192.168.0.2 - - [08/Sep/2012:11:16:51 +0200] "GET /temps/FondInsa.jpg HTTP/1.1" 200 2828 "http://intranet-if.insa-lyon.fr/temps/style_emploi_du_temps.css" "Mozilla/5.0 (Windows NT 6.1; WOW64; rv:15.0) Gecko/20100101 Firefox/15.0.1"
192.168.0.2 - - [08/Sep/2012:11:17:11 +0200] "GET /temps/3IF37.html HTTP/1.1" 200 17269 "http://intranet-if.insa-lyon.fr/temps/" "Mozilla/5.0 (Windows NT 6.1; WOW64; rv:15.0) Gecko/20100101 Firefox/15.0.1"
192.168.0.2 - - [08/Sep/2012:11:17:11 +0200] "GET /temps/suivant.gif HTTP/1.1" 200 1634 "http://intranet-if.insa-lyon.fr/temps/3IF37.html" "Mozilla/5.0 (Windows NT 6.1; WOW64; rv:15.0) Gecko/20100101 Firefox/15.0.1"
192.168.0.2 - - [08/Sep/2012:11:17:21 +0200] "GET /favicon.ico HTTP/1.1" 200 1700 "-" "Mozilla/5.0 (Windows NT 6.1; WOW64; rv:15.0) Gecko/20100101 Firefox/15.0.1"
192.168.0.3 - - [08/Sep/2012:11:18:57 +0200] "GET /temps/3IF39.html HTTP/1.1" 200 22495 "http://intranet-if.insa-lyon.fr/temps/3IF38.html" "Mozilla/5.0 (Linux; U; Android 2.3.7; fr_fr; Nexus One Build/FRF91) AppleWebKit/533.1 (KHTML, like Gecko) Version/4.0 Mobile Safari/533.1"
192.168.0.4 - - [08/Sep/2012:11:19:08 +0200] "GET /SiteWebIF/Intranet-etudiant.php HTTP/1.1" 302 477 "http://if.insa-lyon.fr/" "Mozilla/5.0 (Windows NT 6.1; WOW64) AppleWebKit/537.1 (KHTML, like Gecko) Chrome/21.0.1180.89 Safari/537.1"
192.168.0.4 - - [08/Sep/2012:11:19:13 +0200] "GET /SiteWebIF/Intranet-etudiant.php?ticket=ST-341667-KHlNEzic9e5btb4JQ1Nw-dsi-vm03 HTTP/1.1" 302 - "-" "Mozilla/5.0 (Windows NT 6.1; WOW64) AppleWebKit/537.1 (KHTML, like Gecko) Chrome/21.0.1180.89 Safari/537.1"
192.168.0.4 - - [08/Sep/2012:11:19:13 +0200] "GET /SiteWebIF/Intranet-etudiant.php HTTP/1.1" 200 3775 "-" "Mozilla/5.0 (Windows NT 6.1; WOW64) AppleWebKit/537.1 (KHTML, like Gecko) Chrome/21.0.1180.89 Safari/537.1"
192.168.0.4 - - [08/Sep/2012:11:19:17 +0200] "GET /stages/Listestage.php HTTP/1.1" 200 74694 "http://intranet-if.insa-lyon.fr/SiteWebIF/Intranet-etudiant.php" "Mozilla/5.0 (Windows NT 6.1; WOW64) AppleWebKit/537.1 (KHTML, like Gecko) Chrome/21.0.1180.89 Safari/537.1"
192.168.0.5 - - [08/Sep/2012:11:19:21 +0200] "GET /temps/3IF1.ics HTTP/1.1" 304 - "-" "DataAccess/1.0 (8C148)"
192.168.0.6 - - [08/Sep/2012:11:19:35 +0200] "GET /temps/ HTTP/1.1" 200 6835 "http://www.google.fr/search?hl=fr&gl=FR&ie=UTF-8&source=android-browser&q=intranet+if&redir_esc=&ei=ng1LUJe9KIGf0QXdg4HoAg" "Mozilla/5.0 (Linux; U; Android 4.0.4; fr-fr; Galaxy Nexus Build/IMM76L; CyanogenMod-9.0.0) AppleWebKit/534.30 (KHTML, like Gecko) Version/4.0 Mobile Safari/534.30"
192.168.0.6 - - [08/Sep/2012:11:19:35 +0200] "GET /temps/style_emploi_du_temps.css HTTP/1.1" 200 1216 "http://intranet-if.insa-lyon.fr/temps/" "Mozilla/5.0 (Linux; U; Android 4.0.4; fr-fr; Galaxy Nexus Build/IMM76L; CyanogenMod-9.0.0) AppleWebKit/534.30 (KHTML, like Gecko) Version/4.0 Mobile Safari/534.30"
192.168.0.6 - - [08/Sep/2012:11:19:36 +0200] "GET /temps/FondInsa.jpg HTTP/1.1" 200 2828 "http://intranet-if.insa-lyon.fr/temps/" "Mozilla/5.0 (Linux; U; Android 4.0.4; fr-fr; Galaxy Nexus Build/IMM76L; CyanogenMod-9.0.0) AppleWebKit/534.30 (KHTML, like Gecko) Version/4.0 Mobile Safari/534.30"
192.168.0.6 - - [08/Sep/2012:11:19:36 +0200] "GET /temps/InsaIF.ico HTTP/1.1" 200 766 "http://intranet-if.insa-lyon.fr/temps/" "Mozilla/5.0 (Linux; U; Android 4.0.4; fr-fr; Galaxy Nexus Build/IMM76L; CyanogenMod-9.0.0) AppleWebKit/534.30 (KHTML, like Gecko) Version/4.0 Mobile Safari/534.30"
192.168.0.6 - - [08/Sep/2012:11:19:56 +0200] "GET / HTTP/1.1" 200 216 "-" "Mozilla/5.0 (Linux; U; Android 4.0.4; fr-fr; Galaxy Nexus Build/IMM76L; CyanogenMod-9.0.0) AppleWebKit/534.30 (KHTML, like Gecko) Version/4.0 Mobile Safari/534.30"
192.168.0.6 - - [08/Sep/2012:11:19:56 +0200] "GET /favicon.ico HTTP/1.1" 200 1700 "http://intranet-if.insa-lyon.fr/" "Mozilla/5.0 (Linux; U; Android 4.0.4; fr-fr; Galaxy Nexus Build/IMM76L; CyanogenMod-9.0.0) AppleWebKit/534.30 (KHTML, like Gecko) Version/4.0 Mobile Safari/534.30"
192.168.0.3 - - [08/Sep/2012:11:20:17 +0200] "GET /temps/index.html HTTP/1.1" 200 6835 "http://intranet-if.insa-lyon.fr/temps/3IF39.html" "Mozilla/5.0 (Linux; U; Android 2.3.7; fr_fr; Nexus One Build/FRF91) AppleWebKit/533.1 (KHTML, like Gecko) Version/4.0 Mobile Safari/533.1"
192.168.0.6 - - [08/Sep/2012:11:20:22 +0200] "GET /temps/3IF37.html HTTP/1.1" 200 17269 "http://intranet-if.insa-lyon.fr/temps/" "Mozilla/5.0 (Linux; U; Android 4.0.4; fr-fr; Galaxy Nexus Build/IMM76L; CyanogenMod-9.0.0) AppleWebKit/534.30 (KHTML, like Gecko) Version/4.0 Mobile Safari/534.30"
192.168.0.6 - - [08/Sep/2012:11:20:23 +0200] "GET /temps/suivant.gif HTTP/1.1" 200 1634 "http://intranet-if.insa-lyon.fr/temps/3IF37.html" "Mozilla/5.0 (Linux; U; Android 4.0.4; fr-fr; Galaxy Nexus Build/IMM76L; CyanogenMod-9.0.0) AppleWebKit/534.30 (KHTML, like Gecko) Version/4.0 Mobile Safari/534.30"
192.168.0.4 - - [08/Sep/2012:11:20:45 +0200] "GET /temps/3IF37.html HTTP/1.1" 200 17269 "http://intranet-if.insa-lyon.fr/temps/" "Mozilla/5.0 (Windows NT 6.1; WOW64) AppleWebKit/537.1 (KHTML, like Gecko) Chrome/21.0.1180.89 Safari/537.1"
192.168.0.6 - - [08/Sep/2012:11:21:15 +0200] "GET /temps/3IF39.html HTTP/1.1" 200 22495 "http://intranet-if.insa-lyon.fr/temps/3IF38.html" "Mozilla/5.0 (Linux; U; Android 4.0.4; fr-fr; Galaxy Nexus Build/IMM76L; CyanogenMod-9.0.0) AppleWebKit/534.30 (KHTML, like Gecko) Version/4.0 Mobile Safari/534.30"
192.168.0.4 - - [08/Sep/2012:11:21:58 +0200] "GET /temps/3IF39.html HTTP/1.1" 304 - "http://intranet-if.insa-lyon.fr/temps/3IF38.html" "Mozilla/5.0 (Windows NT 6.1; WOW64) AppleWebKit/537.1 (KHTML, like Gecko) Chrome/21.0.1180.89 Safari/537.1"
192.168.0.4 - - [08/Sep/2012:11:22:24 +0200] "GET /temps/3IF40.html HTTP/1.1" 200 23907 "http://intranet-if.insa-lyon.fr/temps/3IF39.html" "Mozilla/5.0 (Windows NT 6.1; WOW64) AppleWebKit/537.1 (KHTML, like Gecko) Chrome/21.0.1180.89 Safari/537.1"
192.168.0.4 - - [08/Sep/2012:11:22:51 +0200] "GET /temps/3IF41.html HTTP/1.1" 200 24037 "http://intranet-if.insa-lyon.fr/temps/3IF40.html" "Mozilla/5.0 (Windows NT 6.1; WOW64) AppleWebKit/537.1 (KHTML, like Gecko) Chrome/21.0.1180.89 Safari/537.1"
192.168.0.4 - - [08/Sep/2012:11:22:56 +0200] "GET /temps/3IF42.html HTTP/1.1" 200 22591 "http://intranet-if.insa-lyon.fr/temps/3IF41.html" "Mozilla/5.0 (Windows NT 6.1; WOW64) AppleWebKit/537.1 (KHTML, like Gecko) Chrome/21.0.1180.89 Safari/537.1"
192.168.0.4 - - [08/Sep/2012:11:23:02 +0200] "GET /temps/3IF43.html HTTP/1.1" 200 22193 "http://intranet-if.insa-lyon.fr/temps/3IF42.html" "Mozilla/5.0 (Windows NT 6.1; WOW64) AppleWebKit/537.1 (KHTML, like Gecko) Chrome/21.0.1180.89 Safari/537.1"
192.168.0.7 - - [08/Sep/2012:11:23:09 +0200] "GET /temps/MK.ics HTTP/1.1" 200 11362 "-" "Mozilla/5.0 (compatible; Googlebot/2.1; +http://www.google.com/bot.html)"
192.168.0.8 - - [08/Sep/2012:11:23:22 +0200] "GET / HTTP/1.1" 200 216 "-" "Mozilla/5.0 (Windows; U; Windows NT 6.1; fr; rv:1.9.2.10) Gecko/20100914 Firefox/3.6.10"
192.168.0.8 - - [08/Sep/2012:11:23:22 +0200] "GET /favicon.ico HTTP/1.1" 200 1700 "-" "Mozilla/5.0 (Windows; U; Windows NT 6.1; fr; rv:1.9.2.10) Gecko/20100914 Firefox/3.6.10"
192.168.0.4 - - [08/Sep/2012:11:23:40 +0200] "GET /temps/3IF44.html HTTP/1.1" 200 5207 "http://intranet-if.insa-lyon.fr/temps/3IF43.html" "Mozilla/5.0 (Windows NT 6.1; WOW64) AppleWebKit/537.1 (KHTML, like Gecko) Chrome/21.0.1180.89 Safari/537.1"
192.168.0.4 - - [08/Sep/2012:11:23:41 +0200] "GET /temps/3IF45.html HTTP/1.1" 200 23840 "http://intranet-if.insa-lyon.fr/temps/3IF44.html" "Mozilla/5.0 (Windows NT 6.1; WOW64) AppleWebKit/537.1 (KHTML, like Gecko) Chrome/21.0.1180.89 Safari/537.1"
192.168.0.8 - - [08/Sep/2012:11:23:42 +0200] "GET /SiteWebIF/Intranet-etudiant.php HTTP/1.1" 302 477 "http://if.insa-lyon.fr/" "Mozilla/5.0 (Windows; U; Windows NT 6.1; fr; rv:1.9.2.10) Gecko/20100914 Firefox/3.6.10"
192.168.0.8 - - [08/Sep/2012:11:23:43 +0200] "GET /SiteWebIF/Intranet-etudiant.php?ticket=ST-341682-RjfRTgziibddmotBJFlo-dsi-vm03 HTTP/1.1" 302 - "http://if.insa-lyon.fr/" "Mozilla/5.0 (Windows; U; Windows NT 6.1; fr; rv:1.9.2.10) Gecko/20100914 Firefox/3.6.10"
192.168.0.8 - - [08/Sep/2012:11:23:43 +0200] "GET /SiteWebIF/Intranet-etudiant.php HTTP/1.1" 200 3781 "http://if.insa-lyon.fr/" "Mozilla/5.0 (Windows; U; Windows NT 6.1; fr; rv:1.9.2.10) Gecko/20100914 Firefox/3.6.10"
192.168.0.8 - - [08/Sep/2012:11:23:43 +0200] "GET /stages/style_pfe.css HTTP/1.1" 200 895 "http://intranet-if.insa-lyon.fr/SiteWebIF/Intranet-etudiant.php" "Mozilla/5.0 (Windows; U; Windows NT 6.1; fr; rv:1.9.2.10) Gecko/20100914 Firefox/3.6.10"
192.168.0.8 - - [08/Sep/2012:11:23:43 +0200] "GET /stages/InsaIF.ico HTTP/1.1" 200 766 "-" "Mozilla/5.0 (Windows; U; Windows NT 6.1; fr; rv:1.9.2.10) Gecko/20100914 Firefox/3.6.10"
192.168.0.8 - - [08/Sep/2012:11:23:43 +0200] "GET /stages/FondInsa.jpg HTTP/1.1" 200 2828 "http://intranet-if.insa-lyon.fr/stages/style_pfe.css" "Mozilla/5.0 (Windows; U; Windows NT 6.1; fr; rv:1.9.2.10) Gecko/20100914 Firefox/3.6.10"
192.168.0.8 - - [08/Sep/2012:11:23:43 +0200] "GET /stages/bandeauFinal.jpg HTTP/1.1" 200 50390 "http://intranet-if.insa-lyon.fr/SiteWebIF/Intranet-etudiant.php" "Mozilla/5.0 (Windows; U; Windows NT 6.1; fr; rv:1.9.2.10) Gecko/20100914 Firefox/3.6.10"
192.168.0.8 - - [08/Sep/2012:11:23:46 +0200] "GET /notesif HTTP/1.1" 301 248 "http://intranet-if.insa-lyon.fr/SiteWebIF/Intranet-etudiant.php" "Mozilla/5.0 (Windows; U; Windows NT 6.1; fr; rv:1.9.2.10) Gecko/20100914 Firefox/3.6.10"
192.168.0.8 - - [08/Sep/2012:11:23:46 +0200] "GET /notesif/ HTTP/1.1" 302 - "http://intranet-if.insa-lyon.fr/SiteWebIF/Intranet-etudiant.php" "Mozilla/5.0 (Windows; U; Windows NT 6.1; fr; rv:1.9.2.10) Gecko/20100914 Firefox/3.6.10"
192.168.0.4 - - [08/Sep/2012:11:23:51 +0200] "GET /temps/3IF46.html HTTP/1.1" 200 23633 "http://intranet-if.insa-lyon.fr/temps/3IF45.html" "Mozilla/5.0 (Windows NT 6.1; WOW64) AppleWebKit/537.1 (KHTML, like Gecko) Chrome/21.0.1180.89 Safari/537.1"
192.168.0.4 - - [08/Sep/2012:11:24:07 +0200] "GET /temps/3IF47.html HTTP/1.1" 200 21091 "http://intranet-if.insa-lyon.fr/temps/3IF46.html" "Mozilla/5.0 (Windows NT 6.1; WOW64) AppleWebKit/537.1 (KHTML, like Gecko) Chrome/21.0.1180.89 Safari/537.1"
192.168.0.4 - - [08/Sep/2012:11:24:43 +0200] "GET /temps/3IF48.html HTTP/1.1" 200 23144 "http://intranet-if.insa-lyon.fr/temps/3IF47.html" "Mozilla/5.0 (Windows NT 6.1; WOW64) AppleWebKit/537.1 (KHTML, like Gecko) Chrome/21.0.1180.89 Safari/537.1"
192.168.0.4 - - [08/Sep/2012:11:24:45 +0200] "GET /temps/3IF49.html HTTP/1.1" 200 22437 "http://intranet-if.insa-lyon.fr/temps/3IF48.html" "Mozilla/5.0 (Windows NT 6.1; WOW64) AppleWebKit/537.1 (KHTML, like Gecko) Chrome/21.0.1180.89 Safari/537.1"
192.168.0.4 - - [08/Sep/2012:11:24:47 +0200] "GET /temps/3IF50.html HTTP/1.1" 304 - "http://intranet-if.insa-lyon.fr/temps/3IF49.html" "Mozilla/5.0 (Windows NT 6.1; WOW64) AppleWebKit/537.1 (KHTML, like Gecko) Chrome/21.0.1180.89 Safari/537.1"
192.168.0.4 - - [08/Sep/2012:11:24:48 +0200] "GET /temps/3IF51.html HTTP/1.1" 200 24012 "http://intranet-if.insa-lyon.fr/temps/3IF50.html" "Mozilla/5.0 (Windows NT 6.1; WOW64) AppleWebKit/537.1 (KHTML, like Gecko) Chrome/21.0.1180.89 Safari/537.1"
192.168.0.4 - - [08/Sep/2012:11:24:50 +0200] "GET /temps/3IF52.html HTTP/1.1" 200 5193 "http://intranet-if.insa-lyon.fr/temps/3IF51.html" "Mozilla/5.0 (Windows NT 6.1; WOW64) AppleWebKit/537.1 (KHTML, like Gecko) Chrome/21.0.1180.89 Safari/537.1"
192.168.0.4 - - [08/Sep/2012:11:24:50 +0200] "GET /temps/3IF1.html HTTP/1.1" 200 5211 "http://intranet-if.insa-lyon.fr/temps/3IF52.html" "Mozilla/5.0 (Windows NT 6.1; WOW64) AppleWebKit/537.1 (KHTML, like Gecko) Chrome/21.0.1180.89 Safari/537.1"
192.168.0.4 - - [08/Sep/2012:11:24:51 +0200] "GET /temps/3IF2.html HTTP/1.1" 200 22946 "http://intranet-if.insa-lyon.fr/temps/3IF1.html" "Mozilla/5.0 (Windows NT 6.1; WOW64) AppleWebKit/537.1 (KHTML, like Gecko) Chrome/21.0.1180.89 Safari/537.1"
192.168.0.9 - - [08/Sep/2012:11:25:02 +0200] "GET /temps/4IF3.ics HTTP/1.1" 304 - "-" "Mozilla/5.0 (Windows NT 6.1; rv:15.0) Gecko/20120824 Thunderbird/15.0 Lightning/1.7"
192.168.0.10 - - [08/Sep/2012:11:25:14 +0200] "GET /notesif/RSS/RSS_4IF.xml HTTP/1.1" 200 57760 "http://intranet-if.insa-lyon.fr/notesif/RSS/RSS_4IF.xml" "Blogtrottr/2.0"
192.168.0.4 - - [08/Sep/2012:11:25:23 +0200] "GET /temps/3IF3.html HTTP/1.1" 200 21548 "http://intranet-if.insa-lyon.fr/temps/3IF2.html" "Mozilla/5.0 (Windows NT 6.1; WOW64) AppleWebKit/537.1 (KHTML, like Gecko) Chrome/21.0.1180.89 Safari/537.1"
192.168.0.4 - - [08/Sep/2012:11:25:25 +0200] "GET /temps/3IF4.html HTTP/1.1" 200 18304 "http://intranet-if.insa-lyon.fr/temps/3IF3.html" "Mozilla/5.0 (Windows NT 6.1; WOW64) AppleWebKit/537.1 (KHTML, like Gecko) Chrome/21.0.1180.89 Safari/537.1"
192.168.0.4 - - [08/Sep/2012:11:25:37 +0200] "GET /temps/3IF5.html HTTP/1.1" 200 22176 "http://intranet-if.insa-lyon.fr/temps/3IF4.html" "Mozilla/5.0 (Windows NT 6.1; WOW64) AppleWebKit/537.1 (KHTML, like Gecko) Chrome/21.0.1180.89 Safari/537.1"
192.168.0.4 - - [08/Sep/2012:11:25:47 +0200] "GET /temps/3IF6.html HTTP/1.1" 200 22777 "http://intranet-if.insa-lyon.fr/temps/3IF5.html" "Mozilla/5.0 (Windows NT 6.1; WOW64) AppleWebKit/537.1 (KHTML, like Gecko) Chrome/21.0.1180.89 Safari/537.1"
192.168.0.4 - - [08/Sep/2012:11:25:58 +0200] "GET /temps/3IF7.html HTTP/1.1" 200 21809 "http://intranet-if.insa-lyon.fr/temps/3IF6.html" "Mozilla/5.0 (Windows NT 6.1; WOW64) AppleWebKit/537.1 (KHTML, like Gecko) Chrome/21.0.1180.89 Safari/537.1"
192.168.0.4 - - [08/Sep/2012:11:26:03 +0200] "GET /temps/3IF8.html HTTP/1.1" 200 21781 "http://intranet-if.insa-lyon.fr/temps/3IF7.html" "Mozilla/5.0 (Windows NT 6.1; WOW64) AppleWebKit/537.1 (KHTML, like Gecko) Chrome/21.0.1180.89 Safari/537.1"
192.168.0.4 - - [08/Sep/2012:11:26:08 +0200] "GET /temps/3IF9.html HTTP/1.1" 200 5196 "http://intranet-if.insa-lyon.fr/temps/3IF8.html" "Mozilla/5.0 (Windows NT 6.1; WOW64) AppleWebKit/537.1 (KHTML, like Gecko) Chrome/21.0.1180.89 Safari/537.1"
192.168.0.4 - - [08/Sep/2012:11:26:19 +0200] "GET /temps/3IF10.html HTTP/1.1" 200 23296 "http://intranet-if.insa-lyon.fr/temps/3IF9.html" "Mozilla/5.0 (Windows NT 6.1; WOW64) AppleWebKit/537.1 (KHTML, like Gecko) Chrome/21.0.1180.89 Safari/537.1"
192.168.0.4 - - [08/Sep/2012:11:26:20 +0200] "GET /temps/3IF11.html HTTP/1.1" 200 22727 "http://intranet-if.insa-lyon.fr/temps/3IF10.html" "Mozilla/5.0 (Windows NT 6.1; WOW64) AppleWebKit/537.1 (KHTML, like Gecko) Chrome/21.0.1180.89 Safari/537.1"
192.168.0.4 - - [08/Sep/2012:11:26:21 +0200] "GET /temps/3IF12.html HTTP/1.1" 200 22861 "http://intranet-if.insa-lyon.fr/temps/3IF11.html" "Mozilla/5.0 (Windows NT 6.1; WOW64) AppleWebKit/537.1 (KHTML, like Gecko) Chrome/21.0.1180.89 Safari/537.1"
192.168.0.4 - - [08/Sep/2012:11:26:23 +0200] "GET /temps/3IF13.html HTTP/1.1" 200 23048 "http://intranet-if.insa-lyon.fr/temps/3IF12.html" "Mozilla/5.0 (Windows NT 6.1; WOW64) AppleWebKit/537.1 (KHTML, like Gecko) Chrome/21.0.1180.89 Safari/537.1"
192.168.0.4 - - [08/Sep/2012:11:26:25 +0200] "GET /temps/3IF14.html HTTP/1.1" 200 20260 "http://intranet-if.insa-lyon.fr/temps/3IF13.html" "Mozilla/5.0 (Windows NT 6.1; WOW64) AppleWebKit/537.1 (KHTML, like Gecko) Chrome/21.0.1180.89 Safari/537.1"
192.168.0.4 - - [08/Sep/2012:11:26:31 +0200] "GET /temps/3IF15.html HTTP/1.1" 200 24605 "http://intranet-if.insa-lyon.fr/temps/3IF14.html" "Mozilla/5.0 (Windows NT 6.1; WOW64) AppleWebKit/537.1 (KHTML, like Gecko) Chrome/21.0.1180.89 Safari/537.1"
192.168.0.4 - - [08/Sep/2012:11:27:11 +0200] "GET /temps/3IF16.html HTTP/1.1" 200 24198 "http://intranet-if.insa-lyon.fr/temps/3IF15.html" "Mozilla/5.0 (Windows NT 6.1; WOW64) AppleWebKit/537.1 (KHTML, like Gecko) Chrome/21.0.1180.89 Safari/537.1"
192.168.0.4 - - [08/Sep/2012:11:27:17 +0200] "GET /temps/3IF17.html HTTP/1.1" 200 5189 "http://intranet-if.insa-lyon.fr/temps/3IF16.html" "Mozilla/5.0 (Windows NT 6.1; WOW64) AppleWebKit/537.1 (KHTML, like Gecko) Chrome/21.0.1180.89 Safari/537.1"
192.168.0.4 - - [08/Sep/2012:11:27:18 +0200] "GET /temps/3IF18.html HTTP/1.1" 200 5192 "http://intranet-if.insa-lyon.fr/temps/3IF17.html" "Mozilla/5.0 (Windows NT 6.1; WOW64) AppleWebKit/537.1 (KHTML, like Gecko) Chrome/21.0.1180.89 Safari/537.1"
192.168.0.4 - - [08/Sep/2012:11:27:18 +0200] "GET /temps/3IF19.html HTTP/1.1" 200 9043 "http://intranet-if.insa-lyon.fr/temps/3IF18.html" "Mozilla/5.0 (Windows NT 6.1; WOW64) AppleWebKit/537.1 (KHTML, like Gecko) Chrome/21.0.1180.89 Safari/537.1"
192.168.0.4 - - [08/Sep/2012:11:27:20 +0200] "GET /temps/3IF20.html HTTP/1.1" 200 23096 "http://intranet-if.insa-lyon.fr/temps/3IF19.html" "Mozilla/5.0 (Windows NT 6.1; WOW64) AppleWebKit/537.1 (KHTML, like Gecko) Chrome/21.0.1180.89 Safari/537.1"
192.168.0.4 - - [08/Sep/2012:11:27:29 +0200] "GET /temps/3IF21.html HTTP/1.1" 200 19572 "http://intranet-if.insa-lyon.fr/temps/3IF20.html" "Mozilla/5.0 (Windows NT 6.1; WOW64) AppleWebKit/537.1 (KHTML, like Gecko) Chrome/21.0.1180.89 Safari/537.1"
192.168.0.4 - - [08/Sep/2012:11:27:31 +0200] "GET /temps/3IF22.html HTTP/1.1" 200 14021 "http://intranet-if.insa-lyon.fr/temps/3IF21.html" "Mozilla/5.0 (Windows NT 6.1; WOW64) AppleWebKit/537.1 (KHTML, like Gecko) Chrome/21.0.1180.89 Safari/537.1"
192.168.0.11 - - [08/Sep/2012:11:28:30 +0200] "GET /notesif HTTP/1.1" 301 248 "-" "Tiny Tiny RSS/1.5.11 (http://tt-rss.org/)"
192.168.0.11 - - [08/Sep/2012:11:28:30 +0200] "GET /notesif/ HTTP/1.1" 302 - "-" "Tiny Tiny RSS/1.5.11 (http://tt-rss.org/)"
192.168.0.11 - - [08/Sep/2012:11:28:31 +0200] "GET /cas/themes/insa/media/favicon.ico;jsessionid=6C120D16B32E4D680912A30FC5D22C3F.dsi-vm03 HTTP/1.1" 404 284 "-" "Tiny Tiny RSS/1.5.11 (http://tt-rss.org/)"
192.168.0.12 - - [08/Sep/2012:11:28:48 +0200] "GET /notesif/RSS/RSS_3IF.xml HTTP/1.1" 200 95847 "-" "Feedfetcher-Google; (+http://www.google.com/feedfetcher.html; 2 subscribers; feed-id=16425187501328177924)"
192.168.0.4 - - [08/Sep/2012:11:30:50 +0200] "GET /stages/ListePFE.php HTTP/1.1" 200 350372 "http://intranet-if.insa-lyon.fr/SiteWebIF/Intranet-etudiant.php" "Mozilla/5.0 (Windows NT 6.1; WOW64) AppleWebKit/537.1 (KHTML, like Gecko) Chrome/21.0.1180.89 Safari/537.1"
192.168.0.13 - - [08/Sep/2012:11:31:22 +0200] "GET /SiteWebIF/Intranet-etudiant.php HTTP/1.1" 302 477 "-" "Mozilla/5.0 (Windows NT 6.1; rv:14.0) Gecko/20100101 Firefox/14.0.1"
192.168.0.13 - - [08/Sep/2012:11:31:30 +0200] "GET /SiteWebIF/Intranet-etudiant.php?ticket=ST-18983-qoy9blUTrJiM4PYIhncG-dsi-vm04 HTTP/1.1" 302 - "-" "Mozilla/5.0 (Windows NT 6.1; rv:14.0) Gecko/20100101 Firefox/14.0.1"
192.168.0.13 - - [08/Sep/2012:11:31:30 +0200] "GET /SiteWebIF/Intranet-etudiant.php HTTP/1.1" 200 3798 "-" "Mozilla/5.0 (Windows NT 6.1; rv:14.0) Gecko/20100101 Firefox/14.0.1"
192.168.0.13 - - [08/Sep/2012:11:31:34 +0200] "GET /notesif/ HTTP/1.1" 302 - "http://intranet-if.insa-lyon.fr/SiteWebIF/Intranet-etudiant.php" "Mozilla/5.0 (Windows NT 6.1; rv:14.0) Gecko/20100101 Firefox/14.0.1"
192.168.0.14 - - [08/Sep/2012:11:33:40 +0200] "GET / HTTP/1.1" 200 216 "http://www.google.com/url?sa=D&q=http://intranet-if.insa-lyon.fr/&usg=AFQjCNHV-gCqPo-huDqFpvtCum8KGpr5JQ" "Mozilla/5.0 (Windows NT 6.1; WOW64) AppleWebKit/537.1 (KHTML, like Gecko) Chrome/21.0.1180.89 Safari/537.1"
192.168.0.14 - - [08/Sep/2012:11:33:40 +0200] "GET /favicon.ico HTTP/1.1" 200 1700 "-" "Mozilla/5.0 (Windows NT 6.1; WOW64) AppleWebKit/537.1 (KHTML, like Gecko) Chrome/21.0.1180.89 Safari/537.1"
192.168.0.14 - - [08/Sep/2012:11:33:41 +0200] "GET /cache/caa37016007b56628f231acfd3d91188 HTTP/1.1" 404 236 "http://intranet-if.insa-lyon.fr/" "Mozilla/5.0 (Windows NT 6.1; WOW64) AppleWebKit/537.1 (KHTML, like Gecko) Chrome/21.0.1180.89 Safari/537.1"
192.168.0.14 - - [08/Sep/2012:11:34:17 +0200] "GET /SiteWebIF/Intranet-etudiant.php HTTP/1.1" 302 477 "http://if.insa-lyon.fr/vie-etudiante/laedi" "Mozilla/5.0 (Windows NT 6.1; WOW64) AppleWebKit/537.1 (KHTML, like Gecko) Chrome/21.0.1180.89 Safari/537.1"
192.168.0.14 - - [08/Sep/2012:11:34:22 +0200] "GET /SiteWebIF/Intranet-etudiant.php?ticket=ST-19003-iWUXxygHfEPoGzBotWq0-dsi-vm04 HTTP/1.1" 302 - "-" "Mozilla/5.0 (Windows NT 6.1; WOW64) AppleWebKit/537.1 (KHTML, like Gecko) Chrome/21.0.1180.89 Safari/537.1"
192.168.0.14 - - [08/Sep/2012:11:34:22 +0200] "GET /SiteWebIF/Intranet-etudiant.php HTTP/1.1" 200 3819 "-" "Mozilla/5.0 (Windows NT 6.1; WOW64) AppleWebKit/537.1 (KHTML, like Gecko) Chrome/21.0.1180.89 Safari/537.1"
192.168.0.14 - - [08/Sep/2012:11:34:22 +0200] "GET /stages/style_pfe.css HTTP/1.1" 200 895 "http://intranet-if.insa-lyon.fr/SiteWebIF/Intranet-etudiant.php" "Mozilla/5.0 (Windows NT 6.1; WOW64) AppleWebKit/537.1 (KHTML, like Gecko) Chrome/21.0.1180.89 Safari/537.1"
192.168.0.14 - - [08/Sep/2012:11:34:23 +0200] "GET /stages/FondInsa.jpg HTTP/1.1" 200 2828 "http://intranet-if.insa-lyon.fr/SiteWebIF/Intranet-etudiant.php" "Mozilla/5.0 (Windows NT 6.1; WOW64) AppleWebKit/537.1 (KHTML, like Gecko) Chrome/21.0.1180.89 Safari/537.1"
192.168.0.14 - - [08/Sep/2012:11:34:23 +0200] "GET /stages/bandeauFinal.jpg HTTP/1.1" 200 50390 "http://intranet-if.insa-lyon.fr/SiteWebIF/Intranet-etudiant.php" "Mozilla/5.0 (Windows NT 6.1; WOW64) AppleWebKit/537.1 (KHTML, like Gecko) Chrome/21.0.1180.89 Safari/537.1"
192.168.0.14 - - [08/Sep/2012:11:34:23 +0200] "GET /stages/InsaIF.ico HTTP/1.1" 200 766 "-" "Mozilla/5.0 (Windows NT 6.1; WOW64) AppleWebKit/537.1 (KHTML, like Gecko) Chrome/21.0.1180.89 Safari/537.1"
192.168.0.15 - - [08/Sep/2012:11:34:26 +0200] "GET /temps/3IF1.ics HTTP/1.1" 304 - "-" "DataAccess/1.0 (8C148)"
192.168.0.14 - - [08/Sep/2012:11:34:27 +0200] "GET /temps/ HTTP/1.1" 200 6835 "http://intranet-if.insa-lyon.fr/SiteWebIF/Intranet-etudiant.php" "Mozilla/5.0 (Windows NT 6.1; WOW64) AppleWebKit/537.1 (KHTML, like Gecko) Chrome/21.0.1180.89 Safari/537.1"
192.168.0.14 - - [08/Sep/2012:11:34:27 +0200] "GET /temps/style_emploi_du_temps.css HTTP/1.1" 200 1216 "http://intranet-if.insa-lyon.fr/temps/" "Mozilla/5.0 (Windows NT 6.1; WOW64) AppleWebKit/537.1 (KHTML, like Gecko) Chrome/21.0.1180.89 Safari/537.1"
192.168.0.14 - - [08/Sep/2012:11:34:27 +0200] "GET /temps/FondInsa.jpg HTTP/1.1" 200 2828 "http://intranet-if.insa-lyon.fr/temps/" "Mozilla/5.0 (Windows NT 6.1; WOW64) AppleWebKit/537.1 (KHTML, like Gecko) Chrome/21.0.1180.89 Safari/537.1"
192.168.0.14 - - [08/Sep/2012:11:34:27 +0200] "GET /temps/InsaIF.ico HTTP/1.1" 200 766 "-" "Mozilla/5.0 (Windows NT 6.1; WOW64) AppleWebKit/537.1 (KHTML, like Gecko) Chrome/21.0.1180.89 Safari/537.1"
192.168.0.4 - - [08/Sep/2012:11:34:33 +0200] "GET /temps/style_pfe.css HTTP/1.1" 200 895 "http://intranet-if.insa-lyon.fr/temps/SoutenancesPFE.html" "Mozilla/5.0 (Windows NT 6.1; WOW64) AppleWebKit/537.1 (KHTML, like Gecko) Chrome/21.0.1180.89 Safari/537.1"
192.168.0.4 - - [08/Sep/2012:11:34:33 +0200] "GET /temps/loupe.gif HTTP/1.1" 200 326 "http://intranet-if.insa-lyon.fr/temps/SoutenancesPFE.html" "Mozilla/5.0 (Windows NT 6.1; WOW64) AppleWebKit/537.1 (KHTML, like Gecko) Chrome/21.0.1180.89 Safari/537.1"
192.168.0.4 - - [08/Sep/2012:11:34:33 +0200] "GET /temps/SoutenancesPFE.html HTTP/1.1" 200 93333 "http://intranet-if.insa-lyon.fr/SiteWebIF/Intranet-etudiant.php" "Mozilla/5.0 (Windows NT 6.1; WOW64) AppleWebKit/537.1 (KHTML, like Gecko) Chrome/21.0.1180.89 Safari/537.1"
192.168.0.14 - - [08/Sep/2012:11:34:49 +0200] "GET /temps/3IF37.html HTTP/1.1" 200 17269 "http://intranet-if.insa-lyon.fr/temps/" "Mozilla/5.0 (Windows NT 6.1; WOW64) AppleWebKit/537.1 (KHTML, like Gecko) Chrome/21.0.1180.89 Safari/537.1"
192.168.0.14 - - [08/Sep/2012:11:34:50 +0200] "GET /temps/suivant.gif HTTP/1.1" 200 1634 "http://intranet-if.insa-lyon.fr/temps/3IF37.html" "Mozilla/5.0 (Windows NT 6.1; WOW64) AppleWebKit/537.1 (KHTML, like Gecko) Chrome/21.0.1180.89 Safari/537.1"
192.168.0.16 - - [08/Sep/2012:11:34:50 +0200] "GET /SiteWebIF/Intranet-etudiant.php HTTP/1.1" 302 477 "http://if.insa-lyon.fr/" "Mozilla/5.0 (Windows NT 6.1; WOW64) AppleWebKit/537.1 (KHTML, like Gecko) Chrome/21.0.1180.89 Safari/537.1"
192.168.0.16 - - [08/Sep/2012:11:34:50 +0200] "GET /SiteWebIF/Intranet-etudiant.php?ticket=ST-341756-DczU0T0lBaIDbMQFeya6-dsi-vm03 HTTP/1.1" 302 - "http://if.insa-lyon.fr/" "Mozilla/5.0 (Windows NT 6.1; WOW64) AppleWebKit/537.1 (KHTML, like Gecko) Chrome/21.0.1180.89 Safari/537.1"
192.168.0.16 - - [08/Sep/2012:11:34:50 +0200] "GET /SiteWebIF/Intranet-etudiant.php HTTP/1.1" 200 3833 "http://if.insa-lyon.fr/" "Mozilla/5.0 (Windows NT 6.1; WOW64) AppleWebKit/537.1 (KHTML, like Gecko) Chrome/21.0.1180.89 Safari/537.1"
192.168.0.7 - - [08/Sep/2012:11:35:07 +0200] "GET /temps/4IF1.ics HTTP/1.1" 200 78480 "-" "Mozilla/5.0 (compatible; Googlebot/2.1; +http://www.google.com/bot.html)"
192.168.0.16 - - [08/Sep/2012:11:35:15 +0200] "GET /temps/3IF1.ics HTTP/1.1" 200 121308 "-" "Mozilla/5.0 (Windows NT 6.1; WOW64) AppleWebKit/537.1 (KHTML, like Gecko) Chrome/21.0.1180.89 Safari/537.1"
192.168.0.16 - - [08/Sep/2012:11:35:15 +0200] "GET /favicon.ico HTTP/1.1" 200 1700 "-" "Mozilla/5.0 (Windows NT 6.1; WOW64) AppleWebKit/537.1 (KHTML, like Gecko) Chrome/21.0.1180.89 Safari/537.1"
192.168.0.17 - - [08/Sep/2012:11:35:46 +0200] "GET /SiteWebIF/Intranet-etudiant.php HTTP/1.1" 302 477 "http://if.insa-lyon.fr/" "Mozilla/5.0 (Windows NT 6.1; WOW64; rv:15.0) Gecko/20100101 Firefox/15.0"
192.168.0.17 - - [08/Sep/2012:11:35:56 +0200] "GET /SiteWebIF/Intranet-etudiant.php?ticket=ST-341762-04emqA7WUc610oS36G5B-dsi-vm03 HTTP/1.1" 302 - "-" "Mozilla/5.0 (Windows NT 6.1; WOW64; rv:15.0) Gecko/20100101 Firefox/15.0"
192.168.0.17 - - [08/Sep/2012:11:35:56 +0200] "GET /SiteWebIF/Intranet-etudiant.php HTTP/1.1" 200 3783 "-" "Mozilla/5.0 (Windows NT 6.1; WOW64; rv:15.0) Gecko/20100101 Firefox/15.0"
192.168.0.18 - - [08/Sep/2012:11:36:17 +0200] "GET /temps/ HTTP/1.1" 200 6835 "-" "Mozilla/5.0 (en-us) AppleWebKit/534.14 (KHTML, like Gecko; Google Wireless Transcoder) Chrome/9.0.597 Safari/534.14"
192.168.0.19 - - [08/Sep/2012:11:36:17 +0200] "GET /temps/style_emploi_du_temps.css HTTP/1.1" 200 1216 "http://intranet-if.insa-lyon.fr/temps/" "Mozilla/5.0 (en-us) AppleWebKit/534.14 (KHTML, like Gecko; Google Wireless Transcoder) Chrome/9.0.597 Safari/534.14"
192.168.0.20 - - [08/Sep/2012:11:36:17 +0200] "GET /temps/FondInsa.jpg HTTP/1.1" 200 2828 "http://intranet-if.insa-lyon.fr/temps/" "Mozilla/5.0 (en-us) AppleWebKit/534.14 (KHTML, like Gecko; Google Wireless Transcoder) Chrome/9.0.597 Safari/534.14"
192.168.0.21 - - [08/Sep/2012:11:36:26 +0200] "GET /temps/ HTTP/1.1" 200 6835 "http://www.google.com/gwt/x?hl=fr&u=http://intranet-if.insa-lyon.fr/temps/&client=ms-samsung&q=IntraNet+if&sa=X&ei=ixFLUKzxAYazhAeFh4HICA&ved=0CB4QFjAA" "SAMSUNG-GT-S5230/S5230NAIE3 SHP/VPP/R5 Jasmine/0.8 Nextreaming SMM-MMS/1.2.0 profile/MIDP-2.1 configuration/CLDC-1.1"
192.168.0.17 - - [08/Sep/2012:11:36:33 +0200] "GET /notesif/ HTTP/1.1" 302 - "http://intranet-if.insa-lyon.fr/SiteWebIF/Intranet-etudiant.php" "Mozilla/5.0 (Windows NT 6.1; WOW64; rv:15.0) Gecko/20100101 Firefox/15.0"
192.168.0.4 - - [08/Sep/2012:11:36:40 +0200] "GET /permanences HTTP/1.1" 301 252 "http://intranet-if.insa-lyon.fr/SiteWebIF/Intranet-etudiant.php" "Mozilla/5.0 (Windows NT 6.1; WOW64) AppleWebKit/537.1 (KHTML, like Gecko) Chrome/21.0.1180.89 Safari/537.1"
192.168.0.4 - - [08/Sep/2012:11:36:40 +0200] "GET /permanences/ HTTP/1.1" 200 4985 "http://intranet-if.insa-lyon.fr/SiteWebIF/Intranet-etudiant.php" "Mozilla/5.0 (Windows NT 6.1; WOW64) AppleWebKit/537.1 (KHTML, like Gecko) Chrome/21.0.1180.89 Safari/537.1"
192.168.0.4 - - [08/Sep/2012:11:36:54 +0200] "GET /notesif HTTP/1.1" 301 248 "http://intranet-if.insa-lyon.fr/SiteWebIF/Intranet-etudiant.php" "Mozilla/5.0 (Windows NT 6.1; WOW64) AppleWebKit/537.1 (KHTML, like Gecko) Chrome/21.0.1180.89 Safari/537.1"
192.168.0.4 - - [08/Sep/2012:11:36:54 +0200] "GET /notesif/ HTTP/1.1" 302 - "http://intranet-if.insa-lyon.fr/SiteWebIF/Intranet-etudiant.php" "Mozilla/5.0 (Windows NT 6.1; WOW64) AppleWebKit/537.1 (KHTML, like Gecko) Chrome/21.0.1180.89 Safari/537.1"
192.168.0.22 - - [08/Sep/2012:11:38:29 +0200] "GET /temps/GO.ics HTTP/1.1" 200 10471 "-" "iCal/1395.7 CFNetwork/454.12.4 Darwin/10.8.0 (i386) (MacBookPro5%2C2)"
192.168.0.16 - - [08/Sep/2012:11:39:46 +0200] "GET /SiteWebIF/Intranet-etudiant.php HTTP/1.1" 200 1815 "http://if.insa-lyon.fr/" "Mozilla/5.0 (Windows NT 6.1; WOW64) AppleWebKit/537.1 (KHTML, like Gecko) Chrome/21.0.1180.89 Safari/537.1"
192.168.0.23 - - [08/Sep/2012:11:43:28 +0200] "GET /temps/3IF39.html HTTP/1.1" 200 22495 "http://intranet-if.insa-lyon.fr/temps/3IF38.html" "Mozilla/5.0 (iPhone; CPU iPhone OS 5_0_1 like Mac OS X) AppleWebKit/534.46 (KHTML, like Gecko) Version/5.1 Mobile/9A405 Safari/7534.48.3"
192.168.0.14 - - [08/Sep/2012:11:43:36 +0200] "GET /temps/index.html HTTP/1.1" 200 6835 "http://intranet-if.insa-lyon.fr/temps/3IF37.html" "Mozilla/5.0 (Windows NT 6.1; WOW64) AppleWebKit/537.1 (KHTML, like Gecko) Chrome/21.0.1180.89 Safari/537.1"
192.168.0.23 - - [08/Sep/2012:11:43:36 +0200] "GET /temps/3IF40.html HTTP/1.1" 200 23907 "http://intranet-if.insa-lyon.fr/temps/3IF39.html" "Mozilla/5.0 (iPhone; CPU iPhone OS 5_0_1 like Mac OS X) AppleWebKit/534.46 (KHTML, like Gecko) Version/5.1 Mobile/9A405 Safari/7534.48.3"
192.168.0.14 - - [08/Sep/2012:11:43:49 +0200] "GET /temps/INSA.jpg HTTP/1.1" 200 184548 "http://intranet-if.insa-lyon.fr/temps/3IF37.html" "Mozilla/5.0 (Windows NT 6.1; WOW64) AppleWebKit/537.1 (KHTML, like Gecko) Chrome/21.0.1180.89 Safari/537.1"
192.168.0.23 - - [08/Sep/2012:11:43:51 +0200] "GET /temps/3IF41.html HTTP/1.1" 200 24037 "http://intranet-if.insa-lyon.fr/temps/3IF40.html" "Mozilla/5.0 (iPhone; CPU iPhone OS 5_0_1 like Mac OS X) AppleWebKit/534.46 (KHTML, like Gecko) Version/5.1 Mobile/9A405 Safari/7534.48.3"
192.168.0.7 - - [08/Sep/2012:11:44:44 +0200] "GET /chercheurs/gcaplat/Resume%20Modeles%20&%20Metamodeles.pdf HTTP/1.1" 304 - "-" "Mozilla/5.0 (compatible; Googlebot/2.1; +http://www.google.com/bot.html)"
192.168.0.11 - - [08/Sep/2012:11:45:21 +0200] "GET /notesif HTTP/1.1" 301 248 "-" "Tiny Tiny RSS/1.5.11 (http://tt-rss.org/)"
192.168.0.11 - - [08/Sep/2012:11:45:21 +0200] "GET /notesif/ HTTP/1.1" 302 - "-" "Tiny Tiny RSS/1.5.11 (http://tt-rss.org/)"
192.168.0.11 - - [08/Sep/2012:11:45:21 +0200] "GET /cas/themes/insa/media/favicon.ico;jsessionid=5FDA7AC7A09C7F51E030D14E26568F12.dsi-vm04 HTTP/1.1" 404 284 "-" "Tiny Tiny RSS/1.5.11 (http://tt-rss.org/)"
192.168.0.7 - - [08/Sep/2012:11:46:51 +0200] "GET /temps/4IF4.ics HTTP/1.1" 200 78500 "-" "Mozilla/5.0 (compatible; Googlebot/2.1; +http://www.google.com/bot.html)"
192.168.0.24 - - [08/Sep/2012:11:48:47 +0200] "GET /SiteWebIF/Intranet-etudiant.php HTTP/1.1" 302 477 "http://if.insa-lyon.fr/" "Mozilla/5.0 (Windows NT 6.1; WOW64) AppleWebKit/537.1 (KHTML, like Gecko) Chrome/21.0.1180.89 Safari/537.1"
192.168.0.24 - - [08/Sep/2012:11:48:53 +0200] "GET /SiteWebIF/Intranet-etudiant.php?ticket=ST-341866-kd9uCwjkxLkydUzKTbsD-dsi-vm03 HTTP/1.1" 302 - "-" "Mozilla/5.0 (Windows NT 6.1; WOW64) AppleWebKit/537.1 (KHTML, like Gecko) Chrome/21.0.1180.89 Safari/537.1"
192.168.0.24 - - [08/Sep/2012:11:48:54 +0200] "GET /SiteWebIF/Intranet-etudiant.php HTTP/1.1" 200 3821 "-" "Mozilla/5.0 (Windows NT 6.1; WOW64) AppleWebKit/537.1 (KHTML, like Gecko) Chrome/21.0.1180.89 Safari/537.1"
192.168.0.24 - - [08/Sep/2012:11:48:57 +0200] "GET /notesif HTTP/1.1" 301 248 "http://intranet-if.insa-lyon.fr/SiteWebIF/Intranet-etudiant.php" "Mozilla/5.0 (Windows NT 6.1; WOW64) AppleWebKit/537.1 (KHTML, like Gecko) Chrome/21.0.1180.89 Safari/537.1"
192.168.0.24 - - [08/Sep/2012:11:48:57 +0200] "GET /notesif/ HTTP/1.1" 302 - "http://intranet-if.insa-lyon.fr/SiteWebIF/Intranet-etudiant.php" "Mozilla/5.0 (Windows NT 6.1; WOW64) AppleWebKit/537.1 (KHTML, like Gecko) Chrome/21.0.1180.89 Safari/537.1"
192.168.0.25 - - [08/Sep/2012:11:49:26 +0200] "GET /temps/3IF1.ics HTTP/1.1" 304 - "-" "DataAccess/1.0 (8C148)"
192.168.0.26 - - [08/Sep/2012:11:50:02 +0200] "GET /temps/ HTTP/1.1" 200 6835 "http://www.google.fr/url?sa=t&rct=j&q=emplois%20du%20temsp%20insa&source=web&cd=1&ved=0CCkQFjAA&url=http%3A%2F%2Fintranet-if.insa-lyon.fr%2Ftemps%2F&ei=xBRLUPSZFs61hAepl4CoCg&usg=AFQjCNEWrHsRdIlhli_31qYl94w-yMCjpw" "Mozilla/5.0 (Windows NT 6.0) AppleWebKit/537.1 (KHTML, like Gecko) Chrome/21.0.1180.89 Safari/537.1"
192.168.0.26 - - [08/Sep/2012:11:50:03 +0200] "GET /temps/style_emploi_du_temps.css HTTP/1.1" 200 1216 "http://intranet-if.insa-lyon.fr/temps/" "Mozilla/5.0 (Windows NT 6.0) AppleWebKit/537.1 (KHTML, like Gecko) Chrome/21.0.1180.89 Safari/537.1"
192.168.0.26 - - [08/Sep/2012:11:50:03 +0200] "GET /temps/FondInsa.jpg HTTP/1.1" 200 2828 "http://intranet-if.insa-lyon.fr/temps/" "Mozilla/5.0 (Windows NT 6.0) AppleWebKit/537.1 (KHTML, like Gecko) Chrome/21.0.1180.89 Safari/537.1"
192.168.0.26 - - [08/Sep/2012:11:50:03 +0200] "GET /temps/InsaIF.ico HTTP/1.1" 200 766 "-" "Mozilla/5.0 (Windows NT 6.0) AppleWebKit/537.1 (KHTML, like Gecko) Chrome/21.0.1180.89 Safari/537.1"
192.168.0.27 - - [08/Sep/2012:11:50:17 +0200] "GET /SiteWebIF/Intranet-etudiant.php HTTP/1.1" 302 477 "-" "Mozilla/5.0 (Windows NT 6.1; WOW64; rv:14.0) Gecko/20100101 Firefox/14.0.1"
192.168.0.27 - - [08/Sep/2012:11:50:36 +0200] "GET /SiteWebIF/Intranet-etudiant.php?ticket=ST-19118-EabntXV7HXc1iIbI5sou-dsi-vm04 HTTP/1.1" 302 - "-" "Mozilla/5.0 (Windows NT 6.1; WOW64; rv:14.0) Gecko/20100101 Firefox/14.0.1"
192.168.0.27 - - [08/Sep/2012:11:50:36 +0200] "GET /SiteWebIF/Intranet-etudiant.php HTTP/1.1" 200 3813 "-" "Mozilla/5.0 (Windows NT 6.1; WOW64; rv:14.0) Gecko/20100101 Firefox/14.0.1"
192.168.0.27 - - [08/Sep/2012:11:50:37 +0200] "GET /stages/style_pfe.css HTTP/1.1" 200 895 "http://intranet-if.insa-lyon.fr/SiteWebIF/Intranet-etudiant.php" "Mozilla/5.0 (Windows NT 6.1; WOW64; rv:14.0) Gecko/20100101 Firefox/14.0.1"
192.168.0.27 - - [08/Sep/2012:11:50:37 +0200] "GET /stages/InsaIF.ico HTTP/1.1" 200 766 "-" "Mozilla/5.0 (Windows NT 6.1; WOW64; rv:14.0) Gecko/20100101 Firefox/14.0.1"
192.168.0.27 - - [08/Sep/2012:11:50:37 +0200] "GET /stages/FondInsa.jpg HTTP/1.1" 200 2828 "http://intranet-if.insa-lyon.fr/stages/style_pfe.css" "Mozilla/5.0 (Windows NT 6.1; WOW64; rv:14.0) Gecko/20100101 Firefox/14.0.1"
192.168.0.27 - - [08/Sep/2012:11:50:37 +0200] "GET /stages/bandeauFinal.jpg HTTP/1.1" 200 50390 "http://intranet-if.insa-lyon.fr/SiteWebIF/Intranet-etudiant.php" "Mozilla/5.0 (Windows NT 6.1; WOW64; rv:14.0) Gecko/20100101 Firefox/14.0.1"
192.168.0.27 - - [08/Sep/2012:11:50:39 +0200] "GET /notesif HTTP/1.1" 301 248 "http://intranet-if.insa-lyon.fr/SiteWebIF/Intranet-etudiant.php" "Mozilla/5.0 (Windows NT 6.1; WOW64; rv:14.0) Gecko/20100101 Firefox/14.0.1"
192.168.0.27 - - [08/Sep/2012:11:50:39 +0200] "GET /notesif/ HTTP/1.1" 302 - "http://intranet-if.insa-lyon.fr/SiteWebIF/Intranet-etudiant.php" "Mozilla/5.0 (Windows NT 6.1; WOW64; rv:14.0) Gecko/20100101 Firefox/14.0.1"
192.168.0.9 - - [08/Sep/2012:11:55:02 +0200] "GET /temps/4IF3.ics HTTP/1.1" 304 - "-" "Mozilla/5.0 (Windows NT 6.1; rv:15.0) Gecko/20120824 Thunderbird/15.0 Lightning/1.7"
192.168.0.11 - - [08/Sep/2012:12:01:18 +0200] "GET /notesif HTTP/1.1" 301 248 "-" "Tiny Tiny RSS/1.5.11 (http://tt-rss.org/)"
192.168.0.11 - - [08/Sep/2012:12:01:18 +0200] "GET /notesif/ HTTP/1.1" 302 - "-" "Tiny Tiny RSS/1.5.11 (http://tt-rss.org/)"
192.168.0.11 - - [08/Sep/2012:12:01:19 +0200] "GET /cas/themes/insa/media/favicon.ico;jsessionid=ECC02D7B807C9B1B2299BA9E325800BC.dsi-vm03 HTTP/1.1" 404 284 "-" "Tiny Tiny RSS/1.5.11 (http://tt-rss.org/)"
192.168.0.28 - - [08/Sep/2012:12:01:23 +0200] "GET /temps/4IF4.ics HTTP/1.1" 200 78500 "-" "DataAccess/1.0 (8J2)"
192.168.0.29 - - [08/Sep/2012:12:04:25 +0200] "GET /temps/3IF1.ics HTTP/1.1" 304 - "-" "DataAccess/1.0 (8C148)"
192.168.0.27 - - [08/Sep/2012:12:15:24 +0200] "GET /SiteWebIF/Intranet-etudiant.php HTTP/1.1" 302 477 "-" "Mozilla/5.0 (Windows NT 6.1; WOW64; rv:14.0) Gecko/20100101 Firefox/14.0.1"
192.168.0.27 - - [08/Sep/2012:12:17:21 +0200] "GET /SiteWebIF/Intranet-etudiant.php HTTP/1.1" 302 477 "-" "Mozilla/5.0 (Windows NT 6.1; WOW64; rv:14.0) Gecko/20100101 Firefox/14.0.1"
192.168.0.11 - - [08/Sep/2012:12:17:42 +0200] "GET /notesif HTTP/1.1" 301 248 "-" "Tiny Tiny RSS/1.5.11 (http://tt-rss.org/)"
192.168.0.11 - - [08/Sep/2012:12:17:42 +0200] "GET /notesif/ HTTP/1.1" 302 - "-" "Tiny Tiny RSS/1.5.11 (http://tt-rss.org/)"
192.168.0.11 - - [08/Sep/2012:12:17:43 +0200] "GET /cas/themes/insa/media/favicon.ico;jsessionid=1108212834EA61DD4CCDF371CE0DDF31.dsi-vm04 HTTP/1.1" 404 284 "-" "Tiny Tiny RSS/1.5.11 (http://tt-rss.org/)"
192.168.0.30 - - [08/Sep/2012:12:19:26 +0200] "GET /temps/3IF1.ics HTTP/1.1" 304 - "-" "DataAccess/1.0 (8C148)"
192.168.0.31 - - [08/Sep/2012:12:21:06 +0200] "GET /SiteWebIF/Intranet-etudiant.php HTTP/1.1" 302 477 "http://if.insa-lyon.fr/" "Mozilla/5.0 (Windows NT 6.1; WOW64; rv:15.0) Gecko/20100101 Firefox/15.0"
192.168.0.31 - - [08/Sep/2012:12:21:55 +0200] "GET /SiteWebIF/Intranet-etudiant.php?ticket=ST-19308-v7fPgl3hcmHt4NRvX7n5-dsi-vm04 HTTP/1.1" 302 - "-" "Mozilla/5.0 (Windows NT 6.1; WOW64; rv:15.0) Gecko/20100101 Firefox/15.0"
192.168.0.31 - - [08/Sep/2012:12:21:55 +0200] "GET /SiteWebIF/Intranet-etudiant.php HTTP/1.1" 200 3806 "-" "Mozilla/5.0 (Windows NT 6.1; WOW64; rv:15.0) Gecko/20100101 Firefox/15.0"
192.168.0.31 - - [08/Sep/2012:12:22:07 +0200] "GET /temps/3IF39.html HTTP/1.1" 304 - "http://intranet-if.insa-lyon.fr/temps/3IF38.html" "Mozilla/5.0 (Windows NT 6.1; WOW64; rv:15.0) Gecko/20100101 Firefox/15.0"
192.168.0.31 - - [08/Sep/2012:12:22:10 +0200] "GET /temps/3IF40.html HTTP/1.1" 304 - "http://intranet-if.insa-lyon.fr/temps/3IF39.html" "Mozilla/5.0 (Windows NT 6.1; WOW64; rv:15.0) Gecko/20100101 Firefox/15.0"
192.168.0.31 - - [08/Sep/2012:12:22:19 +0200] "GET /stages/Listestage.php HTTP/1.1" 200 74698 "http://intranet-if.insa-lyon.fr/SiteWebIF/Intranet-etudiant.php" "Mozilla/5.0 (Windows NT 6.1; WOW64; rv:15.0) Gecko/20100101 Firefox/15.0"
192.168.0.31 - - [08/Sep/2012:12:22:43 +0200] "GET /stages/descriptif/MEDIAL.pdf HTTP/1.1" 200 136990 "http://intranet-if.insa-lyon.fr/stages/Listestage.php" "Mozilla/5.0 (Windows NT 6.1; WOW64; rv:15.0) Gecko/20100101 Firefox/15.0"
192.168.0.32 - - [08/Sep/2012:12:23:34 +0200] "GET /temps/4IF1.ics HTTP/1.1" 200 78480 "-" "Mozilla/4.0 (compatible; MSIE 7.0; Windows NT 6.0)"
192.168.0.33 - - [08/Sep/2012:12:23:58 +0200] "GET /notesif/RSS/RSS_4IF.xml HTTP/1.1" 200 57760 "http://intranet-if.insa-lyon.fr/notesif/RSS/RSS_4IF.xml" "Blogtrottr/2.0"
192.168.0.9 - - [08/Sep/2012:12:25:02 +0200] "GET /temps/4IF3.ics HTTP/1.1" 304 - "-" "Mozilla/5.0 (Windows NT 6.1; rv:15.0) Gecko/20120824 Thunderbird/15.0 Lightning/1.7"
192.168.0.7 - - [08/Sep/2012:12:26:19 +0200] "GET /temps/3IF2.ics HTTP/1.1" 200 121751 "-" "Mozilla/5.0 (compatible; Googlebot/2.1; +http://www.google.com/bot.html)"
192.168.0.28 - - [08/Sep/2012:12:30:53 +0200] "GET /temps/4IF4.ics HTTP/1.1" 200 78500 "-" "DataAccess/1.0 (8J2)"
192.168.0.34 - - [08/Sep/2012:12:31:29 +0200] "GET /temps/ HTTP/1.1" 200 6835 "http://www.google.fr/url?sa=t&rct=j&q=intranet%20if&source=web&cd=1&ved=0CCEQFjAA&url=http%3A%2F%2Fintranet-if.insa-lyon.fr%2Ftemps%2F&ei=fh5LUK3RJ8TJ0QW-6oHwDQ&usg=AFQjCNEWrHsRdIlhli_31qYl94w-yMCjpw" "Mozilla/5.0 (Windows NT 5.1; rv:12.0) Gecko/20100101 Firefox/12.0"
192.168.0.34 - - [08/Sep/2012:12:31:29 +0200] "GET /temps/style_emploi_du_temps.css HTTP/1.1" 200 1216 "http://intranet-if.insa-lyon.fr/temps/" "Mozilla/5.0 (Windows NT 5.1; rv:12.0) Gecko/20100101 Firefox/12.0"
192.168.0.34 - - [08/Sep/2012:12:31:29 +0200] "GET /temps/InsaIF.ico HTTP/1.1" 200 766 "-" "Mozilla/5.0 (Windows NT 5.1; rv:12.0) Gecko/20100101 Firefox/12.0"
192.168.0.34 - - [08/Sep/2012:12:31:30 +0200] "GET /temps/FondInsa.jpg HTTP/1.1" 200 2828 "http://intranet-if.insa-lyon.fr/temps/style_emploi_du_temps.css" "Mozilla/5.0 (Windows NT 5.1; rv:12.0) Gecko/20100101 Firefox/12.0"
192.168.0.34 - - [08/Sep/2012:12:31:36 +0200] "GET /temps/3IF37.html HTTP/1.1" 200 17269 "http://intranet-if.insa-lyon.fr/temps/" "Mozilla/5.0 (Windows NT 5.1; rv:12.0) Gecko/20100101 Firefox/12.0"
192.168.0.34 - - [08/Sep/2012:12:31:36 +0200] "GET /temps/suivant.gif HTTP/1.1" 200 1634 "http://intranet-if.insa-lyon.fr/temps/3IF37.html" "Mozilla/5.0 (Windows NT 5.1; rv:12.0) Gecko/20100101 Firefox/12.0"
192.168.0.34 - - [08/Sep/2012:12:31:44 +0200] "GET /favicon.ico HTTP/1.1" 200 1700 "-" "Mozilla/5.0 (Windows NT 5.1; rv:12.0) Gecko/20100101 Firefox/12.0"
192.168.0.34 - - [08/Sep/2012:12:32:02 +0200] "GET /temps/INSA.jpg HTTP/1.1" 200 184548 "http://intranet-if.insa-lyon.fr/temps/3IF37.html" "Mozilla/5.0 (Windows NT 5.1; rv:12.0) Gecko/20100101 Firefox/12.0"
192.168.0.34 - - [08/Sep/2012:12:32:32 +0200] "GET /temps/index.html HTTP/1.1" 200 6835 "http://intranet-if.insa-lyon.fr/temps/3IF37.html" "Mozilla/5.0 (Windows NT 5.1; rv:12.0) Gecko/20100101 Firefox/12.0"
192.168.0.35 - - [08/Sep/2012:12:32:39 +0200] "GET /temps/4IF1.ics HTTP/1.1" 200 78480 "-" "-"
192.168.0.11 - - [08/Sep/2012:12:34:04 +0200] "GET /notesif HTTP/1.1" 301 248 "-" "Tiny Tiny RSS/1.5.11 (http://tt-rss.org/)"
192.168.0.11 - - [08/Sep/2012:12:34:04 +0200] "GET /notesif/ HTTP/1.1" 302 - "-" "Tiny Tiny RSS/1.5.11 (http://tt-rss.org/)"
192.168.0.11 - - [08/Sep/2012:12:34:04 +0200] "GET /cas/themes/insa/media/favicon.ico;jsessionid=665627F780692B12EA65060DE403DBE8.dsi-vm04 HTTP/1.1" 404 284 "-" "Tiny Tiny RSS/1.5.11 (http://tt-rss.org/)"
192.168.0.36 - - [08/Sep/2012:12:34:22 +0200] "GET /temps/3IF1.ics HTTP/1.1" 304 - "-" "DataAccess/1.0 (8C148)"
192.168.0.12 - - [08/Sep/2012:12:38:21 +0200] "GET /notesif/RSS/RSS_3IF.xml HTTP/1.1" 200 95847 "-" "Feedfetcher-Google; (+http://www.google.com/feedfetcher.html; 2 subscribers; feed-id=16425187501328177924)"
192.168.0.22 - - [08/Sep/2012:12:38:29 +0200] "GET /temps/GO.ics HTTP/1.1" 200 10471 "-" "iCal/1395.7 CFNetwork/454.12.4 Darwin/10.8.0 (i386) (MacBookPro5%2C2)"
192.168.0.7 - - [08/Sep/2012:12:39:23 +0200] "GET /temps/4IF44.html HTTP/1.1" 200 5207 "-" "Mozilla/5.0 (compatible; Googlebot/2.1; +http://www.google.com/bot.html)"
192.168.0.34 - - [08/Sep/2012:12:40:09 +0200] "GET / HTTP/1.1" 200 216 "-" "Mozilla/5.0 (Windows NT 5.1; rv:12.0) Gecko/20100101 Firefox/12.0"
192.168.0.34 - - [08/Sep/2012:12:40:33 +0200] "GET /SiteWebIF/Intranet-etudiant.php HTTP/1.1" 302 477 "http://if.insa-lyon.fr/" "Mozilla/5.0 (Windows NT 5.1; rv:12.0) Gecko/20100101 Firefox/12.0"
192.168.0.34 - - [08/Sep/2012:12:40:41 +0200] "GET /SiteWebIF/Intranet-etudiant.php?ticket=ST-19442-CGw3IEKcJt5tkCegUuD9-dsi-vm04 HTTP/1.1" 302 - "-" "Mozilla/5.0 (Windows NT 5.1; rv:12.0) Gecko/20100101 Firefox/12.0"
192.168.0.34 - - [08/Sep/2012:12:40:41 +0200] "GET /SiteWebIF/Intranet-etudiant.php HTTP/1.1" 200 3846 "-" "Mozilla/5.0 (Windows NT 5.1; rv:12.0) Gecko/20100101 Firefox/12.0"
192.168.0.34 - - [08/Sep/2012:12:40:41 +0200] "GET /stages/style_pfe.css HTTP/1.1" 200 895 "http://intranet-if.insa-lyon.fr/SiteWebIF/Intranet-etudiant.php" "Mozilla/5.0 (Windows NT 5.1; rv:12.0) Gecko/20100101 Firefox/12.0"
192.168.0.34 - - [08/Sep/2012:12:40:41 +0200] "GET /stages/InsaIF.ico HTTP/1.1" 200 766 "-" "Mozilla/5.0 (Windows NT 5.1; rv:12.0) Gecko/20100101 Firefox/12.0"
192.168.0.34 - - [08/Sep/2012:12:40:41 +0200] "GET /stages/FondInsa.jpg HTTP/1.1" 200 2828 "http://intranet-if.insa-lyon.fr/stages/style_pfe.css" "Mozilla/5.0 (Windows NT 5.1; rv:12.0) Gecko/20100101 Firefox/12.0"
192.168.0.34 - - [08/Sep/2012:12:40:41 +0200] "GET /stages/bandeauFinal.jpg HTTP/1.1" 200 50390 "http://intranet-if.insa-lyon.fr/SiteWebIF/Intranet-etudiant.php" "Mozilla/5.0 (Windows NT 5.1; rv:12.0) Gecko/20100101 Firefox/12.0"
192.168.0.34 - - [08/Sep/2012:12:41:27 +0200] "GET /SiteWebIF/Intranet-etudiant.php?ticket=ST-19448-HQIM6TGsVJOOFyu9r3t1-dsi-vm04 HTTP/1.1" 302 - "http://if.insa-lyon.fr/" "Mozilla/5.0 (Windows NT 5.1; rv:12.0) Gecko/20100101 Firefox/12.0"
192.168.0.34 - - [08/Sep/2012:12:41:27 +0200] "GET /SiteWebIF/Intranet-etudiant.php HTTP/1.1" 200 1815 "http://if.insa-lyon.fr/" "Mozilla/5.0 (Windows NT 5.1; rv:12.0) Gecko/20100101 Firefox/12.0"
192.168.0.34 - - [08/Sep/2012:12:41:46 +0200] "GET /SiteWebIF/Intranet-etudiant.php?ticket=ST-19452-1jce9NBgrmEpQwOF0td9-dsi-vm04 HTTP/1.1" 302 - "http://if.insa-lyon.fr/" "Mozilla/5.0 (Windows NT 5.1; rv:12.0) Gecko/20100101 Firefox/12.0"
192.168.0.34 - - [08/Sep/2012:12:41:46 +0200] "GET /SiteWebIF/Intranet-etudiant.php HTTP/1.1" 200 1815 "http://if.insa-lyon.fr/" "Mozilla/5.0 (Windows NT 5.1; rv:12.0) Gecko/20100101 Firefox/12.0"
192.168.0.34 - - [08/Sep/2012:12:41:48 +0200] "GET /SiteWebIF/Intranet-etudiant.php?ticket=ST-19453-KUridZwB9h22Qkw6t2ph-dsi-vm04 HTTP/1.1" 302 - "http://if.insa-lyon.fr/" "Mozilla/5.0 (Windows NT 5.1; rv:12.0) Gecko/20100101 Firefox/12.0"
192.168.0.34 - - [08/Sep/2012:12:41:48 +0200] "GET /SiteWebIF/Intranet-etudiant.php HTTP/1.1" 200 1815 "http://if.insa-lyon.fr/" "Mozilla/5.0 (Windows NT 5.1; rv:12.0) Gecko/20100101 Firefox/12.0"
192.168.0.37 - - [08/Sep/2012:12:42:12 +0200] "POST /SiteWebIF/Intranet-etudiant.php HTTP/1.1" 302 477 "-" "Java/1.6.0_26"
192.168.0.37 - - [08/Sep/2012:12:42:12 +0200] "POST /SiteWebIF/Intranet-etudiant.php HTTP/1.1" 302 477 "-" "Java/1.6.0_26"
192.168.0.37 - - [08/Sep/2012:12:42:12 +0200] "POST /SiteWebIF/Intranet-etudiant.php HTTP/1.1" 302 477 "-" "Java/1.6.0_26"
192.168.0.37 - - [08/Sep/2012:12:42:12 +0200] "POST /SiteWebIF/Intranet-etudiant.php HTTP/1.1" 302 477 "-" "Java/1.6.0_26"
192.168.0.38 - - [08/Sep/2012:12:44:37 +0200] "GET /temps/3IF1.ics HTTP/1.1" 304 - "-" "DataAccess/1.0 (8C148)"
192.168.0.11 - - [08/Sep/2012:12:49:59 +0200] "GET /notesif HTTP/1.1" 301 248 "-" "Tiny Tiny RSS/1.5.11 (http://tt-rss.org/)"
192.168.0.11 - - [08/Sep/2012:12:49:59 +0200] "GET /notesif/ HTTP/1.1" 302 - "-" "Tiny Tiny RSS/1.5.11 (http://tt-rss.org/)"
192.168.0.11 - - [08/Sep/2012:12:50:00 +0200] "GET /cas/themes/insa/media/favicon.ico;jsessionid=33717D8FCDEA3ED485EAB3288E130DE3.dsi-vm04 HTTP/1.1" 404 284 "-" "Tiny Tiny RSS/1.5.11 (http://tt-rss.org/)"
192.168.0.39 - - [08/Sep/2012:12:54:02 +0200] "GET /temps/3IF1.ics HTTP/1.1" 304 - "-" "DataAccess/1.0 (8C148)"
192.168.0.9 - - [08/Sep/2012:12:55:02 +0200] "GET /temps/4IF3.ics HTTP/1.1" 304 - "-" "Mozilla/5.0 (Windows NT 6.1; rv:15.0) Gecko/20120824 Thunderbird/15.0 Lightning/1.7"
192.168.0.40 - - [08/Sep/2012:12:56:49 +0200] "GET /temps/FondInsa.jpg HTTP/1.1" 200 2828 "http://intranet-if.insa-lyon.fr/temps/" "Mozilla/5.0 (en-us) AppleWebKit/534.14 (KHTML, like Gecko; Google Wireless Transcoder) Chrome/9.0.597 Safari/534.14"
192.168.0.21 - - [08/Sep/2012:12:57:11 +0200] "GET /temps/ HTTP/1.1" 200 6835 "http://www.google.com/gwt/x?hl=fr&u=http://intranet-if.insa-lyon.fr/temps/&client=ms-samsung&q=Intranet+if&sa=X&ei=ayRLUNqhE7GM0wW-q4HgDw&ved=0CB4QFjAA" "SAMSUNG-GT-S5230/S5230NAIE3 SHP/VPP/R5 Jasmine/0.8 Nextreaming SMM-MMS/1.2.0 profile/MIDP-2.1 configuration/CLDC-1.1"
192.168.0.7 - - [08/Sep/2012:12:57:50 +0200] "GET /temps/3IF44.html HTTP/1.1" 304 - "-" "Mozilla/5.0 (compatible; Googlebot/2.1; +http://www.google.com/bot.html)"
192.168.0.41 - - [08/Sep/2012:13:01:39 +0200] "GET /temps/GL.ics HTTP/1.1" 304 - "-" "Mozilla/4.0 (compatible; MSIE 6.0; Windows NT 5.1; SV1; .NET CLR 1.1.4322) Zimbra/2.0"
192.168.0.28 - - [08/Sep/2012:13:03:20 +0200] "GET /temps/4IF4.ics HTTP/1.1" 200 78500 "-" "DataAccess/1.0 (8J2)"
192.168.0.42 - - [08/Sep/2012:13:03:39 +0200] "GET / HTTP/1.1" 200 216 "-" "Opera/9.80 (Windows NT 6.1; WOW64; U; fr) Presto/2.10.289 Version/12.02"
192.168.0.42 - - [08/Sep/2012:13:03:39 +0200] "GET /favicon.ico HTTP/1.1" 200 1700 "http://intranet-if.insa-lyon.fr/" "Opera/9.80 (Windows NT 6.1; WOW64; U; fr) Presto/2.10.289 Version/12.02"
192.168.0.42 - - [08/Sep/2012:13:03:54 +0200] "GET / HTTP/1.1" 200 216 "-" "Mozilla/5.0 (Windows NT 6.1; WOW64; rv:15.0) Gecko/20100101 Firefox/15.0"
192.168.0.42 - - [08/Sep/2012:13:03:54 +0200] "GET /favicon.ico HTTP/1.1" 200 1700 "-" "Mozilla/5.0 (Windows NT 6.1; WOW64; rv:15.0) Gecko/20100101 Firefox/15.0"
192.168.0.42 - - [08/Sep/2012:13:04:08 +0200] "GET /SiteWebIF/Intranet-etudiant.php HTTP/1.1" 302 477 "http://if.insa-lyon.fr/recherche/laboratoires-associes" "Opera/9.80 (Windows NT 6.1; WOW64; U; fr) Presto/2.10.289 Version/12.02"
